[2025-07-13 00:38:11] ERROR: PrismaClientKnownRequestError: 
Invalid `prisma.user.findUnique()` invocation:


The table `public.users` does not exist in the current database.
    at Un.handleRequestError (/home/finups/finups/finupsbd-backend/node_modules/@prisma/client/runtime/library.js:121:7447)
    at Un.handleAndLogRequestError (/home/finups/finups/finupsbd-backend/node_modules/@prisma/client/runtime/library.js:121:6771)
    at Un.request (/home/finups/finups/finupsbd-backend/node_modules/@prisma/client/runtime/library.js:121:6478)
    at l (/home/finups/finups/finupsbd-backend/node_modules/@prisma/client/runtime/library.js:130:9644) {"method":"POST","url":"/api/v1/auth/login","userAgent":"node","ip":"::ffff:127.0.0.1","errorName":"PrismaClientKnownRequestError","errorMessage":"\nInvalid `prisma.user.findUnique()` invocation:\n\n\nThe table `public.users` does not exist in the current database."}
--------------------------------------------------------------
[2025-07-13 00:38:47] ERROR: PrismaClientKnownRequestError: 
Invalid `prisma.user.findFirst()` invocation:


The table `public.users` does not exist in the current database.
    at Un.handleRequestError (/home/finups/finups/finupsbd-backend/node_modules/@prisma/client/runtime/library.js:121:7447)
    at Un.handleAndLogRequestError (/home/finups/finups/finupsbd-backend/node_modules/@prisma/client/runtime/library.js:121:6771)
    at Un.request (/home/finups/finups/finupsbd-backend/node_modules/@prisma/client/runtime/library.js:121:6478)
    at l (/home/finups/finups/finupsbd-backend/node_modules/@prisma/client/runtime/library.js:130:9644) {"method":"POST","url":"/api/v1/auth/signUp","userAgent":"node","ip":"::ffff:127.0.0.1","errorName":"PrismaClientKnownRequestError","errorMessage":"\nInvalid `prisma.user.findFirst()` invocation:\n\n\nThe table `public.users` does not exist in the current database."}
--------------------------------------------------------------
[2025-07-13 00:39:04] ERROR: PrismaClientKnownRequestError: 
Invalid `prisma.user.findUnique()` invocation:


The table `public.users` does not exist in the current database.
    at Un.handleRequestError (/home/finups/finups/finupsbd-backend/node_modules/@prisma/client/runtime/library.js:121:7447)
    at Un.handleAndLogRequestError (/home/finups/finups/finupsbd-backend/node_modules/@prisma/client/runtime/library.js:121:6771)
    at Un.request (/home/finups/finups/finupsbd-backend/node_modules/@prisma/client/runtime/library.js:121:6478)
    at l (/home/finups/finups/finupsbd-backend/node_modules/@prisma/client/runtime/library.js:130:9644) {"method":"POST","url":"/api/v1/auth/forget-password","userAgent":"node","ip":"::ffff:127.0.0.1","errorName":"PrismaClientKnownRequestError","errorMessage":"\nInvalid `prisma.user.findUnique()` invocation:\n\n\nThe table `public.users` does not exist in the current database."}
--------------------------------------------------------------
[2025-07-13 00:39:39] ERROR: PrismaClientKnownRequestError: 
Invalid `prisma.user.findUnique()` invocation:


The table `public.users` does not exist in the current database.
    at Un.handleRequestError (/home/finups/finups/finupsbd-backend/node_modules/@prisma/client/runtime/library.js:121:7447)
    at Un.handleAndLogRequestError (/home/finups/finups/finupsbd-backend/node_modules/@prisma/client/runtime/library.js:121:6771)
    at Un.request (/home/finups/finups/finupsbd-backend/node_modules/@prisma/client/runtime/library.js:121:6478)
    at l (/home/finups/finups/finupsbd-backend/node_modules/@prisma/client/runtime/library.js:130:9644) {"method":"POST","url":"/api/v1/auth/forget-password","userAgent":"node","ip":"::ffff:127.0.0.1","errorName":"PrismaClientKnownRequestError","errorMessage":"\nInvalid `prisma.user.findUnique()` invocation:\n\n\nThe table `public.users` does not exist in the current database."}
--------------------------------------------------------------
[2025-07-13 00:39:53] ERROR: PrismaClientKnownRequestError: 
Invalid `prisma.user.findUnique()` invocation:


The table `public.users` does not exist in the current database.
    at Un.handleRequestError (/home/finups/finups/finupsbd-backend/node_modules/@prisma/client/runtime/library.js:121:7447)
    at Un.handleAndLogRequestError (/home/finups/finups/finupsbd-backend/node_modules/@prisma/client/runtime/library.js:121:6771)
    at Un.request (/home/finups/finups/finupsbd-backend/node_modules/@prisma/client/runtime/library.js:121:6478)
    at l (/home/finups/finups/finupsbd-backend/node_modules/@prisma/client/runtime/library.js:130:9644) {"method":"POST","url":"/api/v1/auth/forget-password","userAgent":"node","ip":"::ffff:127.0.0.1","errorName":"PrismaClientKnownRequestError","errorMessage":"\nInvalid `prisma.user.findUnique()` invocation:\n\n\nThe table `public.users` does not exist in the current database."}
--------------------------------------------------------------
[2025-07-13 00:41:24] ERROR: Error: User not found! Please provide valid email !
    at /home/finups/finups/finupsbd-backend/src/app/module/auth/auth.service.ts:219:11
    at Generator.next (<anonymous>)
    at fulfilled (/home/finups/finups/finupsbd-backend/src/app/module/auth/auth.service.ts:5:58) {"method":"POST","url":"/api/v1/auth/forget-password","userAgent":"node","ip":"::ffff:127.0.0.1","errorName":"Error","errorMessage":"User not found! Please provide valid email !"}
--------------------------------------------------------------
[2025-07-13 00:41:38] ERROR: Error: No loans found for the given criteria!.
    at /home/finups/finups/finupsbd-backend/src/app/module/eligibilityCheck/eligibilityCheck/instantLoan.ts:27:13
    at Generator.next (<anonymous>)
    at fulfilled (/home/finups/finups/finupsbd-backend/src/app/module/eligibilityCheck/eligibilityCheck/instantLoan.ts:5:58) {"method":"POST","url":"/api/v1/eligibility-check?amount=undefined&intersteRate=undefined&searchTermundefined&sortOrder=undefined&page=undefined&sortKey=undefined&tenure=1","userAgent":"node","ip":"::ffff:127.0.0.1","errorName":"Error","errorMessage":"No loans found for the given criteria!."}
--------------------------------------------------------------
[2025-07-13 03:04:45] ERROR: Error: Please upload a file
    at /home/finups/finups/finupsbd-backend/src/app/module/loans/instantLoan/instantLoan.controller.ts:16:11
    at Generator.next (<anonymous>)
    at /home/finups/finups/finupsbd-backend/src/app/module/loans/instantLoan/instantLoan.controller.ts:8:71
    at new Promise (<anonymous>)
    at __awaiter (/home/finups/finups/finupsbd-backend/src/app/module/loans/instantLoan/instantLoan.controller.ts:4:12)
    at /home/finups/finups/finupsbd-backend/src/app/module/loans/instantLoan/instantLoan.controller.ts:9:57
    at /home/finups/finups/finupsbd-backend/src/app/utils/catchAsync.ts:5:25
    at Layer.handle [as handle_request] (/home/finups/finups/finupsbd-backend/node_modules/express/lib/router/layer.js:95:5)
    at next (/home/finups/finups/finupsbd-backend/node_modules/express/lib/router/route.js:149:13)
    at done (/home/finups/finups/finupsbd-backend/node_modules/multer/lib/make-middleware.js:47:7) {"method":"POST","url":"/api/v1/instant-loan","userAgent":"PostmanRuntime/7.44.1","ip":"::ffff:127.0.0.1","errorName":"Error","errorMessage":"Please upload a file"}
--------------------------------------------------------------
[2025-07-13 03:04:51] ERROR: Error: Please upload a file
    at /home/finups/finups/finupsbd-backend/src/app/module/loans/instantLoan/instantLoan.controller.ts:16:11
    at Generator.next (<anonymous>)
    at /home/finups/finups/finupsbd-backend/src/app/module/loans/instantLoan/instantLoan.controller.ts:8:71
    at new Promise (<anonymous>)
    at __awaiter (/home/finups/finups/finupsbd-backend/src/app/module/loans/instantLoan/instantLoan.controller.ts:4:12)
    at /home/finups/finups/finupsbd-backend/src/app/module/loans/instantLoan/instantLoan.controller.ts:9:57
    at /home/finups/finups/finupsbd-backend/src/app/utils/catchAsync.ts:5:25
    at Layer.handle [as handle_request] (/home/finups/finups/finupsbd-backend/node_modules/express/lib/router/layer.js:95:5)
    at next (/home/finups/finups/finupsbd-backend/node_modules/express/lib/router/route.js:149:13)
    at done (/home/finups/finups/finupsbd-backend/node_modules/multer/lib/make-middleware.js:47:7) {"method":"POST","url":"/api/v1/instant-loan","userAgent":"PostmanRuntime/7.44.1","ip":"::ffff:127.0.0.1","errorName":"Error","errorMessage":"Please upload a file"}
--------------------------------------------------------------
[2025-07-13 03:12:10] ERROR: PrismaClientKnownRequestError: 
Invalid `prisma.personalGuarantor.create()` invocation:


Unique constraint failed on the fields: (`loanApplicationFormId`)
    at Un.handleRequestError (/home/finups/finups/finupsbd-backend/node_modules/@prisma/client/runtime/library.js:121:7447)
    at Un.handleAndLogRequestError (/home/finups/finups/finupsbd-backend/node_modules/@prisma/client/runtime/library.js:121:6771)
    at Un.request (/home/finups/finups/finupsbd-backend/node_modules/@prisma/client/runtime/library.js:121:6478)
    at l (/home/finups/finups/finupsbd-backend/node_modules/@prisma/client/runtime/library.js:130:9644) {"method":"POST","url":"/api/v1/application/applicant-guarator-info-personal?id=491e07fa-3512-49ed-b981-0c0281a7295f","userAgent":"Mozilla/5.0 (Windows NT 10.0; Win64; x64) AppleWebKit/537.36 (KHTML, like Gecko) Chrome/138.0.0.0 Safari/537.36","ip":"::ffff:127.0.0.1","errorName":"PrismaClientKnownRequestError","errorMessage":"\nInvalid `prisma.personalGuarantor.create()` invocation:\n\n\nUnique constraint failed on the fields: (`loanApplicationFormId`)"}
--------------------------------------------------------------
[2025-07-13 03:12:19] ERROR: PrismaClientKnownRequestError: 
Invalid `prisma.personalGuarantor.create()` invocation:


Unique constraint failed on the fields: (`loanApplicationFormId`)
    at Un.handleRequestError (/home/finups/finups/finupsbd-backend/node_modules/@prisma/client/runtime/library.js:121:7447)
    at Un.handleAndLogRequestError (/home/finups/finups/finupsbd-backend/node_modules/@prisma/client/runtime/library.js:121:6771)
    at Un.request (/home/finups/finups/finupsbd-backend/node_modules/@prisma/client/runtime/library.js:121:6478)
    at l (/home/finups/finups/finupsbd-backend/node_modules/@prisma/client/runtime/library.js:130:9644) {"method":"POST","url":"/api/v1/application/applicant-guarator-info-personal?id=491e07fa-3512-49ed-b981-0c0281a7295f","userAgent":"Mozilla/5.0 (Windows NT 10.0; Win64; x64) AppleWebKit/537.36 (KHTML, like Gecko) Chrome/138.0.0.0 Safari/537.36","ip":"::ffff:127.0.0.1","errorName":"PrismaClientKnownRequestError","errorMessage":"\nInvalid `prisma.personalGuarantor.create()` invocation:\n\n\nUnique constraint failed on the fields: (`loanApplicationFormId`)"}
--------------------------------------------------------------
[2025-07-13 03:12:20] ERROR: PrismaClientKnownRequestError: 
Invalid `prisma.personalGuarantor.create()` invocation:


Unique constraint failed on the fields: (`loanApplicationFormId`)
    at Un.handleRequestError (/home/finups/finups/finupsbd-backend/node_modules/@prisma/client/runtime/library.js:121:7447)
    at Un.handleAndLogRequestError (/home/finups/finups/finupsbd-backend/node_modules/@prisma/client/runtime/library.js:121:6771)
    at Un.request (/home/finups/finups/finupsbd-backend/node_modules/@prisma/client/runtime/library.js:121:6478)
    at l (/home/finups/finups/finupsbd-backend/node_modules/@prisma/client/runtime/library.js:130:9644) {"method":"POST","url":"/api/v1/application/applicant-guarator-info-personal?id=491e07fa-3512-49ed-b981-0c0281a7295f","userAgent":"Mozilla/5.0 (Windows NT 10.0; Win64; x64) AppleWebKit/537.36 (KHTML, like Gecko) Chrome/138.0.0.0 Safari/537.36","ip":"::ffff:127.0.0.1","errorName":"PrismaClientKnownRequestError","errorMessage":"\nInvalid `prisma.personalGuarantor.create()` invocation:\n\n\nUnique constraint failed on the fields: (`loanApplicationFormId`)"}
--------------------------------------------------------------
