[2025-07-14 02:02:23] ERROR: Error: You Already fillup this form
    at /home/finups/finups/finupsbd-backend/dist/app/module/applicationForm/applicationForm.controller.js:149:15
    at Generator.next (<anonymous>)
    at fulfilled (/home/finups/finups/finupsbd-backend/dist/app/module/applicationForm/applicationForm.controller.js:5:58) {"method":"POST","url":"/api/v1/application/applicant-guarator-info-personal?id=30ad5aa3-6b27-4242-8d46-1e19e3b87798","userAgent":"Mozilla/5.0 (Windows NT 10.0; Win64; x64) AppleWebKit/537.36 (KHTML, like Gecko) Chrome/138.0.0.0 Safari/537.36","ip":"::ffff:127.0.0.1","errorName":"Error","errorMessage":"You Already fillup this form"}
--------------------------------------------------------------
[2025-07-14 02:02:26] ERROR: Error: You Already fillup this form
    at /home/finups/finups/finupsbd-backend/dist/app/module/applicationForm/applicationForm.controller.js:149:15
    at Generator.next (<anonymous>)
    at fulfilled (/home/finups/finups/finupsbd-backend/dist/app/module/applicationForm/applicationForm.controller.js:5:58) {"method":"POST","url":"/api/v1/application/applicant-guarator-info-personal?id=30ad5aa3-6b27-4242-8d46-1e19e3b87798","userAgent":"Mozilla/5.0 (Windows NT 10.0; Win64; x64) AppleWebKit/537.36 (KHTML, like Gecko) Chrome/138.0.0.0 Safari/537.36","ip":"::ffff:127.0.0.1","errorName":"Error","errorMessage":"You Already fillup this form"}
--------------------------------------------------------------
[2025-07-14 13:15:26] ERROR: Error: Invalid password! please input valid password.
    at /home/finups/finups/finupsbd-backend/dist/app/module/auth/auth.service.js:125:15
    at Generator.next (<anonymous>)
    at fulfilled (/home/finups/finups/finupsbd-backend/dist/app/module/auth/auth.service.js:5:58) {"method":"POST","url":"/api/v1/auth/login","userAgent":"node","ip":"::ffff:127.0.0.1","errorName":"Error","errorMessage":"Invalid password! please input valid password."}
--------------------------------------------------------------
[2025-07-14 16:26:04] ERROR: ZodError: [
  {
    "code": "too_small",
    "minimum": 6,
    "type": "string",
    "inclusive": true,
    "exact": false,
    "message": "Password must be at least 6 characters long",
    "path": [
      "pin"
    ]
  }
]
    at get error (/home/finups/finups/finupsbd-backend/node_modules/zod/v3/types.cjs:45:31)
    at ZodObject.parse (/home/finups/finups/finupsbd-backend/node_modules/zod/v3/types.cjs:120:22)
    at /home/finups/finups/finupsbd-backend/dist/app/middleware/validateRequest.js:10:27
    at /home/finups/finups/finupsbd-backend/dist/app/utils/catchAsync.js:5:25
    at Layer.handle [as handle_request] (/home/finups/finups/finupsbd-backend/node_modules/express/lib/router/layer.js:95:5)
    at next (/home/finups/finups/finupsbd-backend/node_modules/express/lib/router/route.js:149:13)
    at Route.dispatch (/home/finups/finups/finupsbd-backend/node_modules/express/lib/router/route.js:119:3)
    at Layer.handle [as handle_request] (/home/finups/finups/finupsbd-backend/node_modules/express/lib/router/layer.js:95:5)
    at /home/finups/finups/finupsbd-backend/node_modules/express/lib/router/index.js:284:15
    at Function.process_params (/home/finups/finups/finupsbd-backend/node_modules/express/lib/router/index.js:346:12) {"method":"POST","url":"/api/v1/auth/validate-pin","userAgent":"node","ip":"::ffff:127.0.0.1","errorName":"ZodError","errorMessage":"[\n  {\n    \"code\": \"too_small\",\n    \"minimum\": 6,\n    \"type\": \"string\",\n    \"inclusive\": true,\n    \"exact\": false,\n    \"message\": \"Password must be at least 6 characters long\",\n    \"path\": [\n      \"pin\"\n    ]\n  }\n]"}
--------------------------------------------------------------
[2025-07-14 16:26:06] ERROR: ZodError: [
  {
    "code": "too_small",
    "minimum": 6,
    "type": "string",
    "inclusive": true,
    "exact": false,
    "message": "Password must be at least 6 characters long",
    "path": [
      "pin"
    ]
  }
]
    at get error (/home/finups/finups/finupsbd-backend/node_modules/zod/v3/types.cjs:45:31)
    at ZodObject.parse (/home/finups/finups/finupsbd-backend/node_modules/zod/v3/types.cjs:120:22)
    at /home/finups/finups/finupsbd-backend/dist/app/middleware/validateRequest.js:10:27
    at /home/finups/finups/finupsbd-backend/dist/app/utils/catchAsync.js:5:25
    at Layer.handle [as handle_request] (/home/finups/finups/finupsbd-backend/node_modules/express/lib/router/layer.js:95:5)
    at next (/home/finups/finups/finupsbd-backend/node_modules/express/lib/router/route.js:149:13)
    at Route.dispatch (/home/finups/finups/finupsbd-backend/node_modules/express/lib/router/route.js:119:3)
    at Layer.handle [as handle_request] (/home/finups/finups/finupsbd-backend/node_modules/express/lib/router/layer.js:95:5)
    at /home/finups/finups/finupsbd-backend/node_modules/express/lib/router/index.js:284:15
    at Function.process_params (/home/finups/finups/finupsbd-backend/node_modules/express/lib/router/index.js:346:12) {"method":"POST","url":"/api/v1/auth/validate-pin","userAgent":"node","ip":"::ffff:127.0.0.1","errorName":"ZodError","errorMessage":"[\n  {\n    \"code\": \"too_small\",\n    \"minimum\": 6,\n    \"type\": \"string\",\n    \"inclusive\": true,\n    \"exact\": false,\n    \"message\": \"Password must be at least 6 characters long\",\n    \"path\": [\n      \"pin\"\n    ]\n  }\n]"}
--------------------------------------------------------------
[2025-07-14 16:26:42] ERROR: PrismaClientKnownRequestError: 
Invalid `prisma.user.create()` invocation:


Unique constraint failed on the fields: (`phone`)
    at Un.handleRequestError (/home/finups/finups/finupsbd-backend/node_modules/@prisma/client/runtime/library.js:121:7447)
    at Un.handleAndLogRequestError (/home/finups/finups/finupsbd-backend/node_modules/@prisma/client/runtime/library.js:121:6771)
    at Un.request (/home/finups/finups/finupsbd-backend/node_modules/@prisma/client/runtime/library.js:121:6478)
    at async l (/home/finups/finups/finupsbd-backend/node_modules/@prisma/client/runtime/library.js:130:9644) {"method":"POST","url":"/api/v1/auth/signUp","userAgent":"node","ip":"::ffff:127.0.0.1","errorName":"PrismaClientKnownRequestError","errorMessage":"\nInvalid `prisma.user.create()` invocation:\n\n\nUnique constraint failed on the fields: (`phone`)"}
--------------------------------------------------------------
[2025-07-14 16:26:49] ERROR: Error: Your email is not verified. Please verify your email before logging in.
    at /home/finups/finups/finupsbd-backend/dist/app/module/auth/auth.service.js:118:15
    at Generator.next (<anonymous>)
    at fulfilled (/home/finups/finups/finupsbd-backend/dist/app/module/auth/auth.service.js:5:58) {"method":"POST","url":"/api/v1/auth/login","userAgent":"node","ip":"::ffff:127.0.0.1","errorName":"Error","errorMessage":"Your email is not verified. Please verify your email before logging in."}
--------------------------------------------------------------
[2025-07-14 16:26:53] ERROR: Error: Your email is not verified. Please verify your email before logging in.
    at /home/finups/finups/finupsbd-backend/dist/app/module/auth/auth.service.js:118:15
    at Generator.next (<anonymous>)
    at fulfilled (/home/finups/finups/finupsbd-backend/dist/app/module/auth/auth.service.js:5:58) {"method":"POST","url":"/api/v1/auth/login","userAgent":"node","ip":"::ffff:127.0.0.1","errorName":"Error","errorMessage":"Your email is not verified. Please verify your email before logging in."}
--------------------------------------------------------------
