[2025-07-15 01:31:53] ERROR: Error: Route.post() requires a callback function but got a [object Promise]
    at Route.<computed> [as post] (C:\client-project\finupsbd-backend\node_modules\express\lib\router\route.js:216:15)
    at Function.proto.<computed> [as post] (C:\client-project\finupsbd-backend\node_modules\express\lib\router\index.js:521:19)
    at Object.<anonymous> (C:\client-project\finupsbd-backend\src\app\module\eligibilityCheck\eligibilityCheck.route.ts:10:7)
    at Module.<anonymous> (node:internal/modules/cjs/loader:1546:14)
    at Module._compile (C:\Users\Shamim\AppData\Roaming\npm\node_modules\ts-node-dev\node_modules\source-map-support\source-map-support.js:568:25)
    at Module.m._compile (C:\Users\Shamim\AppData\Local\Temp\ts-node-dev-hook-4591992415702566.js:69:33)
    at node:internal/modules/cjs/loader:1689:10
    at require.extensions..jsx.require.extensions..js (C:\Users\Shamim\AppData\Local\Temp\ts-node-dev-hook-4591992415702566.js:114:20)
    at require.extensions.<computed> (C:\Users\Shamim\AppData\Local\Temp\ts-node-dev-hook-4591992415702566.js:71:20)
    at Object.nodeDevHook [as .ts] (C:\Users\Shamim\AppData\Roaming\npm\node_modules\ts-node-dev\lib\hook.js:63:13) {"error":{},"exception":true,"date":"Tue Jul 15 2025 01:31:53 GMT+0600 (Bangladesh Standard Time)","process":{"pid":16160,"uid":null,"gid":null,"cwd":"C:\\client-project\\finupsbd-backend","execPath":"C:\\Program Files\\nodejs\\node.exe","version":"v22.11.0","argv":["C:\\Program Files\\nodejs\\node.exe","./src/server.ts"],"memoryUsage":{"rss":88129536,"heapTotal":59641856,"heapUsed":30094040,"external":2624271,"arrayBuffers":162834}},"os":{"loadavg":[0,0,0],"uptime":15668.171},"trace":[{"column":15,"file":"C:\\client-project\\finupsbd-backend\\node_modules\\express\\lib\\router\\route.js","function":"Route.<computed> [as post]","line":216,"method":"<computed> [as post]","native":false},{"column":19,"file":"C:\\client-project\\finupsbd-backend\\node_modules\\express\\lib\\router\\index.js","function":"Function.proto.<computed> [as post]","line":521,"method":"<computed> [as post]","native":false},{"column":7,"file":"C:\\client-project\\finupsbd-backend\\src\\app\\module\\eligibilityCheck\\eligibilityCheck.route.ts","function":null,"line":10,"method":null,"native":false},{"column":14,"file":"node:internal/modules/cjs/loader","function":null,"line":1546,"method":null,"native":false},{"column":25,"file":"C:\\Users\\Shamim\\AppData\\Roaming\\npm\\node_modules\\ts-node-dev\\node_modules\\source-map-support\\source-map-support.js","function":"Module._compile","line":568,"method":"_compile","native":false},{"column":33,"file":"C:\\Users\\Shamim\\AppData\\Local\\Temp\\ts-node-dev-hook-4591992415702566.js","function":"Module.m._compile","line":69,"method":"_compile","native":false},{"column":10,"file":"node:internal/modules/cjs/loader","function":null,"line":1689,"method":null,"native":false},{"column":20,"file":"C:\\Users\\Shamim\\AppData\\Local\\Temp\\ts-node-dev-hook-4591992415702566.js","function":"require.extensions..jsx.require.extensions..js","line":114,"method":".js","native":false},{"column":20,"file":"C:\\Users\\Shamim\\AppData\\Local\\Temp\\ts-node-dev-hook-4591992415702566.js","function":"require.extensions.<computed>","line":71,"method":"<computed>","native":false},{"column":13,"file":"C:\\Users\\Shamim\\AppData\\Roaming\\npm\\node_modules\\ts-node-dev\\lib\\hook.js","function":"Object.nodeDevHook [as .ts]","line":63,"method":"ts]","native":false}]}
--------------------------------------------------------------
[2025-07-15 01:35:51] ERROR: Error: Route.post() requires a callback function but got a [object Promise]
    at Route.<computed> [as post] (C:\client-project\finupsbd-backend\node_modules\express\lib\router\route.js:216:15)
    at Function.proto.<computed> [as post] (C:\client-project\finupsbd-backend\node_modules\express\lib\router\index.js:521:19)
    at Object.<anonymous> (C:\client-project\finupsbd-backend\src\app\module\eligibilityCheck\eligibilityCheck.route.ts:11:7)
    at Module.<anonymous> (node:internal/modules/cjs/loader:1546:14)
    at Module._compile (C:\Users\Shamim\AppData\Roaming\npm\node_modules\ts-node-dev\node_modules\source-map-support\source-map-support.js:568:25)
    at Module.m._compile (C:\Users\Shamim\AppData\Local\Temp\ts-node-dev-hook-4591992415702566.js:69:33)
    at node:internal/modules/cjs/loader:1689:10
    at require.extensions..jsx.require.extensions..js (C:\Users\Shamim\AppData\Local\Temp\ts-node-dev-hook-4591992415702566.js:114:20)
    at require.extensions.<computed> (C:\Users\Shamim\AppData\Local\Temp\ts-node-dev-hook-4591992415702566.js:71:20)
    at Object.nodeDevHook [as .ts] (C:\Users\Shamim\AppData\Roaming\npm\node_modules\ts-node-dev\lib\hook.js:63:13) {"error":{},"exception":true,"date":"Tue Jul 15 2025 01:35:51 GMT+0600 (Bangladesh Standard Time)","process":{"pid":17208,"uid":null,"gid":null,"cwd":"C:\\client-project\\finupsbd-backend","execPath":"C:\\Program Files\\nodejs\\node.exe","version":"v22.11.0","argv":["C:\\Program Files\\nodejs\\node.exe","./src/server.ts"],"memoryUsage":{"rss":88350720,"heapTotal":59904000,"heapUsed":30046600,"external":2624271,"arrayBuffers":162834}},"os":{"loadavg":[0,0,0],"uptime":15906.687},"trace":[{"column":15,"file":"C:\\client-project\\finupsbd-backend\\node_modules\\express\\lib\\router\\route.js","function":"Route.<computed> [as post]","line":216,"method":"<computed> [as post]","native":false},{"column":19,"file":"C:\\client-project\\finupsbd-backend\\node_modules\\express\\lib\\router\\index.js","function":"Function.proto.<computed> [as post]","line":521,"method":"<computed> [as post]","native":false},{"column":7,"file":"C:\\client-project\\finupsbd-backend\\src\\app\\module\\eligibilityCheck\\eligibilityCheck.route.ts","function":null,"line":11,"method":null,"native":false},{"column":14,"file":"node:internal/modules/cjs/loader","function":null,"line":1546,"method":null,"native":false},{"column":25,"file":"C:\\Users\\Shamim\\AppData\\Roaming\\npm\\node_modules\\ts-node-dev\\node_modules\\source-map-support\\source-map-support.js","function":"Module._compile","line":568,"method":"_compile","native":false},{"column":33,"file":"C:\\Users\\Shamim\\AppData\\Local\\Temp\\ts-node-dev-hook-4591992415702566.js","function":"Module.m._compile","line":69,"method":"_compile","native":false},{"column":10,"file":"node:internal/modules/cjs/loader","function":null,"line":1689,"method":null,"native":false},{"column":20,"file":"C:\\Users\\Shamim\\AppData\\Local\\Temp\\ts-node-dev-hook-4591992415702566.js","function":"require.extensions..jsx.require.extensions..js","line":114,"method":".js","native":false},{"column":20,"file":"C:\\Users\\Shamim\\AppData\\Local\\Temp\\ts-node-dev-hook-4591992415702566.js","function":"require.extensions.<computed>","line":71,"method":"<computed>","native":false},{"column":13,"file":"C:\\Users\\Shamim\\AppData\\Roaming\\npm\\node_modules\\ts-node-dev\\lib\\hook.js","function":"Object.nodeDevHook [as .ts]","line":63,"method":"ts]","native":false}]}
--------------------------------------------------------------
